Archive member included to satisfy reference by file (symbol)

/usr/local/arm-gcc/gcc-arm-10.2-2020.11-x86_64-aarch64-none-linux-gnu/bin/../aarch64-none-linux-gnu/libc/usr/lib64/libc_nonshared.a(elf-init.oS)
                              /usr/local/arm-gcc/gcc-arm-10.2-2020.11-x86_64-aarch64-none-linux-gnu/bin/../aarch64-none-linux-gnu/libc/usr/lib/../lib64/crt1.o (__libc_csu_init)

Discarded input sections

 .note.GNU-stack
                0x0000000000000000        0x0 /usr/local/arm-gcc/gcc-arm-10.2-2020.11-x86_64-aarch64-none-linux-gnu/bin/../aarch64-none-linux-gnu/libc/usr/lib/../lib64/crt1.o
 .note.GNU-stack
                0x0000000000000000        0x0 /usr/local/arm-gcc/gcc-arm-10.2-2020.11-x86_64-aarch64-none-linux-gnu/bin/../aarch64-none-linux-gnu/libc/usr/lib/../lib64/crti.o
 .note.GNU-stack
                0x0000000000000000        0x0 /usr/local/arm-gcc/gcc-arm-10.2-2020.11-x86_64-aarch64-none-linux-gnu/bin/../lib/gcc/aarch64-none-linux-gnu/10.2.1/crtbegin.o
 .note.GNU-stack
                0x0000000000000000        0x0 writer.o
 .note.GNU-stack
                0x0000000000000000        0x0 /usr/local/arm-gcc/gcc-arm-10.2-2020.11-x86_64-aarch64-none-linux-gnu/bin/../aarch64-none-linux-gnu/libc/usr/lib64/libc_nonshared.a(elf-init.oS)
 .note.GNU-stack
                0x0000000000000000        0x0 /usr/local/arm-gcc/gcc-arm-10.2-2020.11-x86_64-aarch64-none-linux-gnu/bin/../lib/gcc/aarch64-none-linux-gnu/10.2.1/crtend.o
 .note.GNU-stack
                0x0000000000000000        0x0 /usr/local/arm-gcc/gcc-arm-10.2-2020.11-x86_64-aarch64-none-linux-gnu/bin/../aarch64-none-linux-gnu/libc/usr/lib/../lib64/crtn.o

Memory Configuration

Name             Origin             Length             Attributes
*default*        0x0000000000000000 0xffffffffffffffff

Linker script and memory map

LOAD /usr/local/arm-gcc/gcc-arm-10.2-2020.11-x86_64-aarch64-none-linux-gnu/bin/../aarch64-none-linux-gnu/libc/usr/lib/../lib64/crt1.o
LOAD /usr/local/arm-gcc/gcc-arm-10.2-2020.11-x86_64-aarch64-none-linux-gnu/bin/../aarch64-none-linux-gnu/libc/usr/lib/../lib64/crti.o
LOAD /usr/local/arm-gcc/gcc-arm-10.2-2020.11-x86_64-aarch64-none-linux-gnu/bin/../lib/gcc/aarch64-none-linux-gnu/10.2.1/crtbegin.o
LOAD writer.o
LOAD /usr/local/arm-gcc/gcc-arm-10.2-2020.11-x86_64-aarch64-none-linux-gnu/bin/../lib/gcc/aarch64-none-linux-gnu/10.2.1/libgcc.a
LOAD /usr/local/arm-gcc/gcc-arm-10.2-2020.11-x86_64-aarch64-none-linux-gnu/bin/../lib/gcc/aarch64-none-linux-gnu/10.2.1/../../../../aarch64-none-linux-gnu/lib/../lib64/libgcc_s.so
START GROUP
LOAD /usr/local/arm-gcc/gcc-arm-10.2-2020.11-x86_64-aarch64-none-linux-gnu/bin/../lib/gcc/aarch64-none-linux-gnu/10.2.1/../../../../aarch64-none-linux-gnu/lib/../lib64/libgcc_s.so.1
LOAD /usr/local/arm-gcc/gcc-arm-10.2-2020.11-x86_64-aarch64-none-linux-gnu/bin/../lib/gcc/aarch64-none-linux-gnu/10.2.1/libgcc.a
END GROUP
LOAD /usr/local/arm-gcc/gcc-arm-10.2-2020.11-x86_64-aarch64-none-linux-gnu/bin/../aarch64-none-linux-gnu/libc/usr/lib/../lib64/libc.so
START GROUP
LOAD /usr/local/arm-gcc/gcc-arm-10.2-2020.11-x86_64-aarch64-none-linux-gnu/bin/../aarch64-none-linux-gnu/libc/lib64/libc.so.6
LOAD /usr/local/arm-gcc/gcc-arm-10.2-2020.11-x86_64-aarch64-none-linux-gnu/bin/../aarch64-none-linux-gnu/libc/usr/lib64/libc_nonshared.a
LOAD /usr/local/arm-gcc/gcc-arm-10.2-2020.11-x86_64-aarch64-none-linux-gnu/bin/../aarch64-none-linux-gnu/libc/lib/ld-linux-aarch64.so.1
END GROUP
LOAD /usr/local/arm-gcc/gcc-arm-10.2-2020.11-x86_64-aarch64-none-linux-gnu/bin/../lib/gcc/aarch64-none-linux-gnu/10.2.1/libgcc.a
LOAD /usr/local/arm-gcc/gcc-arm-10.2-2020.11-x86_64-aarch64-none-linux-gnu/bin/../lib/gcc/aarch64-none-linux-gnu/10.2.1/../../../../aarch64-none-linux-gnu/lib/../lib64/libgcc_s.so
START GROUP
LOAD /usr/local/arm-gcc/gcc-arm-10.2-2020.11-x86_64-aarch64-none-linux-gnu/bin/../lib/gcc/aarch64-none-linux-gnu/10.2.1/../../../../aarch64-none-linux-gnu/lib/../lib64/libgcc_s.so.1
LOAD /usr/local/arm-gcc/gcc-arm-10.2-2020.11-x86_64-aarch64-none-linux-gnu/bin/../lib/gcc/aarch64-none-linux-gnu/10.2.1/libgcc.a
END GROUP
LOAD /usr/local/arm-gcc/gcc-arm-10.2-2020.11-x86_64-aarch64-none-linux-gnu/bin/../lib/gcc/aarch64-none-linux-gnu/10.2.1/crtend.o
LOAD /usr/local/arm-gcc/gcc-arm-10.2-2020.11-x86_64-aarch64-none-linux-gnu/bin/../aarch64-none-linux-gnu/libc/usr/lib/../lib64/crtn.o
                [!provide]                        PROVIDE (__executable_start = SEGMENT_START ("text-segment", 0x400000))
                0x0000000000400238                . = (SEGMENT_START ("text-segment", 0x400000) + SIZEOF_HEADERS)

.interp         0x0000000000400238       0x1b
 *(.interp)
 .interp        0x0000000000400238       0x1b /usr/local/arm-gcc/gcc-arm-10.2-2020.11-x86_64-aarch64-none-linux-gnu/bin/../aarch64-none-linux-gnu/libc/usr/lib/../lib64/crt1.o

.note.ABI-tag   0x0000000000400254       0x20
 .note.ABI-tag  0x0000000000400254       0x20 /usr/local/arm-gcc/gcc-arm-10.2-2020.11-x86_64-aarch64-none-linux-gnu/bin/../aarch64-none-linux-gnu/libc/usr/lib/../lib64/crt1.o

.note.gnu.build-id
 *(.note.gnu.build-id)

.hash           0x0000000000400278       0x44
 *(.hash)
 .hash          0x0000000000400278       0x44 /usr/local/arm-gcc/gcc-arm-10.2-2020.11-x86_64-aarch64-none-linux-gnu/bin/../aarch64-none-linux-gnu/libc/usr/lib/../lib64/crt1.o

.gnu.hash       0x00000000004002c0       0x1c
 *(.gnu.hash)
 .gnu.hash      0x00000000004002c0       0x1c /usr/local/arm-gcc/gcc-arm-10.2-2020.11-x86_64-aarch64-none-linux-gnu/bin/../aarch64-none-linux-gnu/libc/usr/lib/../lib64/crt1.o

.dynsym         0x00000000004002e0      0x120
 *(.dynsym)
 .dynsym        0x00000000004002e0      0x120 /usr/local/arm-gcc/gcc-arm-10.2-2020.11-x86_64-aarch64-none-linux-gnu/bin/../aarch64-none-linux-gnu/libc/usr/lib/../lib64/crt1.o

.dynstr         0x0000000000400400       0x73
 *(.dynstr)
 .dynstr        0x0000000000400400       0x73 /usr/local/arm-gcc/gcc-arm-10.2-2020.11-x86_64-aarch64-none-linux-gnu/bin/../aarch64-none-linux-gnu/libc/usr/lib/../lib64/crt1.o

.gnu.version    0x0000000000400474       0x18
 *(.gnu.version)
 .gnu.version   0x0000000000400474       0x18 /usr/local/arm-gcc/gcc-arm-10.2-2020.11-x86_64-aarch64-none-linux-gnu/bin/../aarch64-none-linux-gnu/libc/usr/lib/../lib64/crt1.o

.gnu.version_d  0x0000000000400490        0x0
 *(.gnu.version_d)
 .gnu.version_d
                0x0000000000400490        0x0 /usr/local/arm-gcc/gcc-arm-10.2-2020.11-x86_64-aarch64-none-linux-gnu/bin/../aarch64-none-linux-gnu/libc/usr/lib/../lib64/crt1.o

.gnu.version_r  0x0000000000400490       0x20
 *(.gnu.version_r)
 .gnu.version_r
                0x0000000000400490       0x20 /usr/local/arm-gcc/gcc-arm-10.2-2020.11-x86_64-aarch64-none-linux-gnu/bin/../aarch64-none-linux-gnu/libc/usr/lib/../lib64/crt1.o

.rela.dyn       0x00000000004004b0       0x18
 *(.rela.init)
 *(.rela.text .rela.text.* .rela.gnu.linkonce.t.*)
 .rela.text     0x00000000004004b0        0x0 /usr/local/arm-gcc/gcc-arm-10.2-2020.11-x86_64-aarch64-none-linux-gnu/bin/../aarch64-none-linux-gnu/libc/usr/lib/../lib64/crt1.o
 *(.rela.fini)
 *(.rela.rodata .rela.rodata.* .rela.gnu.linkonce.r.*)
 .rela.rodata.cst8
                0x00000000004004b0        0x0 /usr/local/arm-gcc/gcc-arm-10.2-2020.11-x86_64-aarch64-none-linux-gnu/bin/../aarch64-none-linux-gnu/libc/usr/lib/../lib64/crt1.o
 *(.rela.data .rela.data.* .rela.gnu.linkonce.d.*)
 .rela.data.rel.ro
                0x00000000004004b0        0x0 /usr/local/arm-gcc/gcc-arm-10.2-2020.11-x86_64-aarch64-none-linux-gnu/bin/../aarch64-none-linux-gnu/libc/usr/lib/../lib64/crt1.o
 *(.rela.tdata .rela.tdata.* .rela.gnu.linkonce.td.*)
 *(.rela.tbss .rela.tbss.* .rela.gnu.linkonce.tb.*)
 *(.rela.ctors)
 *(.rela.dtors)
 *(.rela.got)
 .rela.got      0x00000000004004b0       0x18 /usr/local/arm-gcc/gcc-arm-10.2-2020.11-x86_64-aarch64-none-linux-gnu/bin/../aarch64-none-linux-gnu/libc/usr/lib/../lib64/crt1.o
 *(.rela.bss .rela.bss.* .rela.gnu.linkonce.b.*)
 .rela.bss      0x00000000004004c8        0x0 /usr/local/arm-gcc/gcc-arm-10.2-2020.11-x86_64-aarch64-none-linux-gnu/bin/../aarch64-none-linux-gnu/libc/usr/lib/../lib64/crt1.o
 *(.rela.ifunc)

.rela.plt       0x00000000004004c8      0x108
 *(.rela.plt)
 .rela.plt      0x00000000004004c8      0x108 /usr/local/arm-gcc/gcc-arm-10.2-2020.11-x86_64-aarch64-none-linux-gnu/bin/../aarch64-none-linux-gnu/libc/usr/lib/../lib64/crt1.o
                [!provide]                        PROVIDE (__rela_iplt_start = .)
 *(.rela.iplt)
 .rela.iplt     0x00000000004005d0        0x0 /usr/local/arm-gcc/gcc-arm-10.2-2020.11-x86_64-aarch64-none-linux-gnu/bin/../aarch64-none-linux-gnu/libc/usr/lib/../lib64/crt1.o
                [!provide]                        PROVIDE (__rela_iplt_end = .)

.init           0x00000000004005d0       0x14
 *(SORT_NONE(.init))
 .init          0x00000000004005d0        0xc /usr/local/arm-gcc/gcc-arm-10.2-2020.11-x86_64-aarch64-none-linux-gnu/bin/../aarch64-none-linux-gnu/libc/usr/lib/../lib64/crti.o
                0x00000000004005d0                _init
 .init          0x00000000004005dc        0x8 /usr/local/arm-gcc/gcc-arm-10.2-2020.11-x86_64-aarch64-none-linux-gnu/bin/../aarch64-none-linux-gnu/libc/usr/lib/../lib64/crtn.o

.plt            0x00000000004005f0       0xd0
 *(.plt)
 .plt           0x00000000004005f0       0xd0 /usr/local/arm-gcc/gcc-arm-10.2-2020.11-x86_64-aarch64-none-linux-gnu/bin/../aarch64-none-linux-gnu/libc/usr/lib/../lib64/crt1.o
                0x0000000000400610                strlen@@GLIBC_2.17
                0x0000000000400620                syslog@@GLIBC_2.17
                0x0000000000400630                perror@@GLIBC_2.17
                0x0000000000400640                fclose@@GLIBC_2.17
                0x0000000000400650                fopen@@GLIBC_2.17
                0x0000000000400660                __libc_start_main@@GLIBC_2.17
                0x0000000000400680                abort@@GLIBC_2.17
                0x0000000000400690                openlog@@GLIBC_2.17
                0x00000000004006a0                puts@@GLIBC_2.17
                0x00000000004006b0                fwrite@@GLIBC_2.17
 *(.iplt)
 .iplt          0x00000000004006c0        0x0 /usr/local/arm-gcc/gcc-arm-10.2-2020.11-x86_64-aarch64-none-linux-gnu/bin/../aarch64-none-linux-gnu/libc/usr/lib/../lib64/crt1.o

.text           0x00000000004006c0      0x2c4
 *(.text.unlikely .text.*_unlikely .text.unlikely.*)
 *(.text.exit .text.exit.*)
 *(.text.startup .text.startup.*)
 *(.text.hot .text.hot.*)
 *(SORT_BY_NAME(.text.sorted.*))
 *(.text .stub .text.* .gnu.linkonce.t.*)
 .text          0x00000000004006c0       0x50 /usr/local/arm-gcc/gcc-arm-10.2-2020.11-x86_64-aarch64-none-linux-gnu/bin/../aarch64-none-linux-gnu/libc/usr/lib/../lib64/crt1.o
                0x00000000004006c0                _start
 .text          0x0000000000400710       0x14 /usr/local/arm-gcc/gcc-arm-10.2-2020.11-x86_64-aarch64-none-linux-gnu/bin/../aarch64-none-linux-gnu/libc/usr/lib/../lib64/crti.o
 *fill*         0x0000000000400724        0xc 1f2003d5
 .text          0x0000000000400730       0xa4 /usr/local/arm-gcc/gcc-arm-10.2-2020.11-x86_64-aarch64-none-linux-gnu/bin/../lib/gcc/aarch64-none-linux-gnu/10.2.1/crtbegin.o
 .text          0x00000000004007d4      0x120 writer.o
                0x00000000004007d4                main
 *fill*         0x00000000004008f4        0xc 1f2003d5
 .text          0x0000000000400900       0x84 /usr/local/arm-gcc/gcc-arm-10.2-2020.11-x86_64-aarch64-none-linux-gnu/bin/../aarch64-none-linux-gnu/libc/usr/lib64/libc_nonshared.a(elf-init.oS)
                0x0000000000400900                __libc_csu_init
                0x0000000000400980                __libc_csu_fini
 .text          0x0000000000400984        0x0 /usr/local/arm-gcc/gcc-arm-10.2-2020.11-x86_64-aarch64-none-linux-gnu/bin/../lib/gcc/aarch64-none-linux-gnu/10.2.1/crtend.o
 .text          0x0000000000400984        0x0 /usr/local/arm-gcc/gcc-arm-10.2-2020.11-x86_64-aarch64-none-linux-gnu/bin/../aarch64-none-linux-gnu/libc/usr/lib/../lib64/crtn.o
 *(.gnu.warning)

.fini           0x0000000000400984       0x10
 *(SORT_NONE(.fini))
 .fini          0x0000000000400984        0x8 /usr/local/arm-gcc/gcc-arm-10.2-2020.11-x86_64-aarch64-none-linux-gnu/bin/../aarch64-none-linux-gnu/libc/usr/lib/../lib64/crti.o
                0x0000000000400984                _fini
 .fini          0x000000000040098c        0x8 /usr/local/arm-gcc/gcc-arm-10.2-2020.11-x86_64-aarch64-none-linux-gnu/bin/../aarch64-none-linux-gnu/libc/usr/lib/../lib64/crtn.o
                [!provide]                        PROVIDE (__etext = .)
                [!provide]                        PROVIDE (_etext = .)
                [!provide]                        PROVIDE (etext = .)

.rodata         0x0000000000400998      0x138
 *(.rodata .rodata.* .gnu.linkonce.r.*)
 .rodata.cst4   0x0000000000400998        0x4 /usr/local/arm-gcc/gcc-arm-10.2-2020.11-x86_64-aarch64-none-linux-gnu/bin/../aarch64-none-linux-gnu/libc/usr/lib/../lib64/crt1.o
                0x0000000000400998                _IO_stdin_used
 *fill*         0x000000000040099c        0x4 
 .rodata.cst8   0x00000000004009a0       0x10 /usr/local/arm-gcc/gcc-arm-10.2-2020.11-x86_64-aarch64-none-linux-gnu/bin/../lib/gcc/aarch64-none-linux-gnu/10.2.1/crtbegin.o
 .rodata        0x00000000004009b0      0x120 writer.o

.rodata1
 *(.rodata1)

.eh_frame_hdr   0x0000000000400ad0       0x44
 *(.eh_frame_hdr)
 .eh_frame_hdr  0x0000000000400ad0       0x44 /usr/local/arm-gcc/gcc-arm-10.2-2020.11-x86_64-aarch64-none-linux-gnu/bin/../lib/gcc/aarch64-none-linux-gnu/10.2.1/crtbegin.o
                0x0000000000400ad0                __GNU_EH_FRAME_HDR
 *(.eh_frame_entry .eh_frame_entry.*)

.eh_frame       0x0000000000400b18       0xe4
 *(.eh_frame)
 .eh_frame      0x0000000000400b18       0x78 /usr/local/arm-gcc/gcc-arm-10.2-2020.11-x86_64-aarch64-none-linux-gnu/bin/../lib/gcc/aarch64-none-linux-gnu/10.2.1/crtbegin.o
 .eh_frame      0x0000000000400b90       0x20 writer.o
                                         0x38 (size before relaxing)
 .eh_frame      0x0000000000400bb0       0x48 /usr/local/arm-gcc/gcc-arm-10.2-2020.11-x86_64-aarch64-none-linux-gnu/bin/../aarch64-none-linux-gnu/libc/usr/lib64/libc_nonshared.a(elf-init.oS)
                                         0x60 (size before relaxing)
 .eh_frame      0x0000000000400bf8        0x4 /usr/local/arm-gcc/gcc-arm-10.2-2020.11-x86_64-aarch64-none-linux-gnu/bin/../lib/gcc/aarch64-none-linux-gnu/10.2.1/crtend.o
 *(.eh_frame.*)

.gcc_except_table
 *(.gcc_except_table .gcc_except_table.*)

.gnu_extab
 *(.gnu_extab*)

.exception_ranges
 *(.exception_ranges*)
                0x0000000000410de8                . = DATA_SEGMENT_ALIGN (CONSTANT (MAXPAGESIZE), CONSTANT (COMMONPAGESIZE))

.eh_frame
 *(.eh_frame)
 *(.eh_frame.*)

.gnu_extab
 *(.gnu_extab)

.gcc_except_table
 *(.gcc_except_table .gcc_except_table.*)

.exception_ranges
 *(.exception_ranges*)

.tdata          0x0000000000410de8        0x0
                [!provide]                        PROVIDE (__tdata_start = .)
 *(.tdata .tdata.* .gnu.linkonce.td.*)

.tbss
 *(.tbss .tbss.* .gnu.linkonce.tb.*)
 *(.tcommon)

.preinit_array  0x0000000000410de8        0x0
                [!provide]                        PROVIDE (__preinit_array_start = .)
 *(.preinit_array)
                [!provide]                        PROVIDE (__preinit_array_end = .)

.init_array     0x0000000000410de8        0x8
                0x0000000000410de8                PROVIDE (__init_array_start = .)
 *(SORT_BY_INIT_PRIORITY(.init_array.*) SORT_BY_INIT_PRIORITY(.ctors.*))
 *(.init_array EXCLUDE_FILE(*crtend?.o *crtend.o *crtbegin?.o *crtbegin.o) .ctors)
 .init_array    0x0000000000410de8        0x8 /usr/local/arm-gcc/gcc-arm-10.2-2020.11-x86_64-aarch64-none-linux-gnu/bin/../lib/gcc/aarch64-none-linux-gnu/10.2.1/crtbegin.o
                0x0000000000410df0                PROVIDE (__init_array_end = .)

.fini_array     0x0000000000410df0        0x8
                [!provide]                        PROVIDE (__fini_array_start = .)
 *(SORT_BY_INIT_PRIORITY(.fini_array.*) SORT_BY_INIT_PRIORITY(.dtors.*))
 *(.fini_array EXCLUDE_FILE(*crtend?.o *crtend.o *crtbegin?.o *crtbegin.o) .dtors)
 .fini_array    0x0000000000410df0        0x8 /usr/local/arm-gcc/gcc-arm-10.2-2020.11-x86_64-aarch64-none-linux-gnu/bin/../lib/gcc/aarch64-none-linux-gnu/10.2.1/crtbegin.o
                [!provide]                        PROVIDE (__fini_array_end = .)

.ctors
 *crtbegin.o(.ctors)
 *crtbegin?.o(.ctors)
 *(EXCLUDE_FILE(*crtend?.o *crtend.o) .ctors)
 *(SORT_BY_NAME(.ctors.*))
 *(.ctors)

.dtors
 *crtbegin.o(.dtors)
 *crtbegin?.o(.dtors)
 *(EXCLUDE_FILE(*crtend?.o *crtend.o) .dtors)
 *(SORT_BY_NAME(.dtors.*))
 *(.dtors)

.jcr
 *(.jcr)

.data.rel.ro    0x0000000000410df8        0x0
 *(.data.rel.ro.local* .gnu.linkonce.d.rel.ro.local.*)
 *(.data.rel.ro .data.rel.ro.* .gnu.linkonce.d.rel.ro.*)
 .data.rel.ro   0x0000000000410df8        0x0 /usr/local/arm-gcc/gcc-arm-10.2-2020.11-x86_64-aarch64-none-linux-gnu/bin/../aarch64-none-linux-gnu/libc/usr/lib/../lib64/crt1.o

.dynamic        0x0000000000410df8      0x1e0
 *(.dynamic)
 .dynamic       0x0000000000410df8      0x1e0 /usr/local/arm-gcc/gcc-arm-10.2-2020.11-x86_64-aarch64-none-linux-gnu/bin/../aarch64-none-linux-gnu/libc/usr/lib/../lib64/crt1.o
                0x0000000000410df8                _DYNAMIC

.got            0x0000000000410fd8       0x10
 *(.got)
 .got           0x0000000000410fd8       0x10 /usr/local/arm-gcc/gcc-arm-10.2-2020.11-x86_64-aarch64-none-linux-gnu/bin/../aarch64-none-linux-gnu/libc/usr/lib/../lib64/crt1.o
                0x0000000000410fd8                _GLOBAL_OFFSET_TABLE_
 *(.igot)
                0x0000000000410fe8                . = DATA_SEGMENT_RELRO_END (., 0x18)

.got.plt        0x0000000000410fe8       0x70
 *(.got.plt)
 .got.plt       0x0000000000410fe8       0x70 /usr/local/arm-gcc/gcc-arm-10.2-2020.11-x86_64-aarch64-none-linux-gnu/bin/../aarch64-none-linux-gnu/libc/usr/lib/../lib64/crt1.o
 *(.igot.plt)
 .igot.plt      0x0000000000411058        0x0 /usr/local/arm-gcc/gcc-arm-10.2-2020.11-x86_64-aarch64-none-linux-gnu/bin/../aarch64-none-linux-gnu/libc/usr/lib/../lib64/crt1.o

.data           0x0000000000411058       0x10
                [!provide]                        PROVIDE (__data_start = .)
 *(.data .data.* .gnu.linkonce.d.*)
 .data          0x0000000000411058        0x4 /usr/local/arm-gcc/gcc-arm-10.2-2020.11-x86_64-aarch64-none-linux-gnu/bin/../aarch64-none-linux-gnu/libc/usr/lib/../lib64/crt1.o
                0x0000000000411058                data_start
                0x0000000000411058                __data_start
 .data          0x000000000041105c        0x0 /usr/local/arm-gcc/gcc-arm-10.2-2020.11-x86_64-aarch64-none-linux-gnu/bin/../aarch64-none-linux-gnu/libc/usr/lib/../lib64/crti.o
 *fill*         0x000000000041105c        0x4 
 .data          0x0000000000411060        0x8 /usr/local/arm-gcc/gcc-arm-10.2-2020.11-x86_64-aarch64-none-linux-gnu/bin/../lib/gcc/aarch64-none-linux-gnu/10.2.1/crtbegin.o
                0x0000000000411060                __dso_handle
 .data          0x0000000000411068        0x0 writer.o
 .data          0x0000000000411068        0x0 /usr/local/arm-gcc/gcc-arm-10.2-2020.11-x86_64-aarch64-none-linux-gnu/bin/../aarch64-none-linux-gnu/libc/usr/lib64/libc_nonshared.a(elf-init.oS)
 .data          0x0000000000411068        0x0 /usr/local/arm-gcc/gcc-arm-10.2-2020.11-x86_64-aarch64-none-linux-gnu/bin/../lib/gcc/aarch64-none-linux-gnu/10.2.1/crtend.o
 .data          0x0000000000411068        0x0 /usr/local/arm-gcc/gcc-arm-10.2-2020.11-x86_64-aarch64-none-linux-gnu/bin/../aarch64-none-linux-gnu/libc/usr/lib/../lib64/crtn.o

.tm_clone_table
                0x0000000000411068        0x0
 .tm_clone_table
                0x0000000000411068        0x0 /usr/local/arm-gcc/gcc-arm-10.2-2020.11-x86_64-aarch64-none-linux-gnu/bin/../lib/gcc/aarch64-none-linux-gnu/10.2.1/crtbegin.o
 .tm_clone_table
                0x0000000000411068        0x0 /usr/local/arm-gcc/gcc-arm-10.2-2020.11-x86_64-aarch64-none-linux-gnu/bin/../lib/gcc/aarch64-none-linux-gnu/10.2.1/crtend.o

.data1
 *(.data1)
                0x0000000000411068                _edata = .
                [!provide]                        PROVIDE (edata = .)
                0x0000000000411068                . = .
                0x0000000000411068                __bss_start = .
                0x0000000000411068                __bss_start__ = .

.bss            0x0000000000411068        0x8
 *(.dynbss)
 .dynbss        0x0000000000411068        0x0 /usr/local/arm-gcc/gcc-arm-10.2-2020.11-x86_64-aarch64-none-linux-gnu/bin/../aarch64-none-linux-gnu/libc/usr/lib/../lib64/crt1.o
 *(.bss .bss.* .gnu.linkonce.b.*)
 .bss           0x0000000000411068        0x0 /usr/local/arm-gcc/gcc-arm-10.2-2020.11-x86_64-aarch64-none-linux-gnu/bin/../aarch64-none-linux-gnu/libc/usr/lib/../lib64/crt1.o
 .bss           0x0000000000411068        0x0 /usr/local/arm-gcc/gcc-arm-10.2-2020.11-x86_64-aarch64-none-linux-gnu/bin/../aarch64-none-linux-gnu/libc/usr/lib/../lib64/crti.o
 .bss           0x0000000000411068        0x1 /usr/local/arm-gcc/gcc-arm-10.2-2020.11-x86_64-aarch64-none-linux-gnu/bin/../lib/gcc/aarch64-none-linux-gnu/10.2.1/crtbegin.o
 .bss           0x0000000000411069        0x0 writer.o
 .bss           0x0000000000411069        0x0 /usr/local/arm-gcc/gcc-arm-10.2-2020.11-x86_64-aarch64-none-linux-gnu/bin/../aarch64-none-linux-gnu/libc/usr/lib64/libc_nonshared.a(elf-init.oS)
 .bss           0x0000000000411069        0x0 /usr/local/arm-gcc/gcc-arm-10.2-2020.11-x86_64-aarch64-none-linux-gnu/bin/../lib/gcc/aarch64-none-linux-gnu/10.2.1/crtend.o
 .bss           0x0000000000411069        0x0 /usr/local/arm-gcc/gcc-arm-10.2-2020.11-x86_64-aarch64-none-linux-gnu/bin/../aarch64-none-linux-gnu/libc/usr/lib/../lib64/crtn.o
 *(COMMON)
                0x0000000000411070                . = ALIGN ((. != 0x0)?0x8:0x1)
 *fill*         0x0000000000411069        0x7 
                0x0000000000411070                _bss_end__ = .
                0x0000000000411070                __bss_end__ = .
                0x0000000000411070                . = ALIGN (0x8)
                0x0000000000411070                . = SEGMENT_START ("ldata-segment", .)
                0x0000000000411070                . = ALIGN (0x8)
                0x0000000000411070                __end__ = .
                0x0000000000411070                _end = .
                [!provide]                        PROVIDE (end = .)
                0x0000000000411070                . = DATA_SEGMENT_END (.)

.stab
 *(.stab)

.stabstr
 *(.stabstr)

.stab.excl
 *(.stab.excl)

.stab.exclstr
 *(.stab.exclstr)

.stab.index
 *(.stab.index)

.stab.indexstr
 *(.stab.indexstr)

.comment        0x0000000000000000       0x5d
 *(.comment)
 .comment       0x0000000000000000       0x5d /usr/local/arm-gcc/gcc-arm-10.2-2020.11-x86_64-aarch64-none-linux-gnu/bin/../aarch64-none-linux-gnu/libc/usr/lib/../lib64/crt1.o
                                         0xbc (size before relaxing)
 .comment       0x000000000000005d       0x5e /usr/local/arm-gcc/gcc-arm-10.2-2020.11-x86_64-aarch64-none-linux-gnu/bin/../lib/gcc/aarch64-none-linux-gnu/10.2.1/crtbegin.o
 .comment       0x000000000000005d       0x5e writer.o
 .comment       0x000000000000005d       0x5e /usr/local/arm-gcc/gcc-arm-10.2-2020.11-x86_64-aarch64-none-linux-gnu/bin/../aarch64-none-linux-gnu/libc/usr/lib64/libc_nonshared.a(elf-init.oS)
 .comment       0x000000000000005d       0x5e /usr/local/arm-gcc/gcc-arm-10.2-2020.11-x86_64-aarch64-none-linux-gnu/bin/../lib/gcc/aarch64-none-linux-gnu/10.2.1/crtend.o

.gnu.build.attributes
 *(.gnu.build.attributes .gnu.build.attributes.*)

.debug
 *(.debug)

.line
 *(.line)

.debug_srcinfo
 *(.debug_srcinfo)

.debug_sfnames
 *(.debug_sfnames)

.debug_aranges  0x0000000000000000      0x110
 *(.debug_aranges)
 .debug_aranges
                0x0000000000000000       0x50 /usr/local/arm-gcc/gcc-arm-10.2-2020.11-x86_64-aarch64-none-linux-gnu/bin/../aarch64-none-linux-gnu/libc/usr/lib/../lib64/crt1.o
 .debug_aranges
                0x0000000000000050       0x50 /usr/local/arm-gcc/gcc-arm-10.2-2020.11-x86_64-aarch64-none-linux-gnu/bin/../aarch64-none-linux-gnu/libc/usr/lib/../lib64/crti.o
 .debug_aranges
                0x00000000000000a0       0x30 /usr/local/arm-gcc/gcc-arm-10.2-2020.11-x86_64-aarch64-none-linux-gnu/bin/../aarch64-none-linux-gnu/libc/usr/lib64/libc_nonshared.a(elf-init.oS)
 .debug_aranges
                0x00000000000000d0       0x40 /usr/local/arm-gcc/gcc-arm-10.2-2020.11-x86_64-aarch64-none-linux-gnu/bin/../aarch64-none-linux-gnu/libc/usr/lib/../lib64/crtn.o

.debug_pubnames
 *(.debug_pubnames)

.debug_info     0x0000000000000000      0x252
 *(.debug_info .gnu.linkonce.wi.*)
 .debug_info    0x0000000000000000       0x6e /usr/local/arm-gcc/gcc-arm-10.2-2020.11-x86_64-aarch64-none-linux-gnu/bin/../aarch64-none-linux-gnu/libc/usr/lib/../lib64/crt1.o
 .debug_info    0x000000000000006e       0x22 /usr/local/arm-gcc/gcc-arm-10.2-2020.11-x86_64-aarch64-none-linux-gnu/bin/../aarch64-none-linux-gnu/libc/usr/lib/../lib64/crti.o
 .debug_info    0x0000000000000090      0x1a0 /usr/local/arm-gcc/gcc-arm-10.2-2020.11-x86_64-aarch64-none-linux-gnu/bin/../aarch64-none-linux-gnu/libc/usr/lib64/libc_nonshared.a(elf-init.oS)
 .debug_info    0x0000000000000230       0x22 /usr/local/arm-gcc/gcc-arm-10.2-2020.11-x86_64-aarch64-none-linux-gnu/bin/../aarch64-none-linux-gnu/libc/usr/lib/../lib64/crtn.o

.debug_abbrev   0x0000000000000000      0x197
 *(.debug_abbrev)
 .debug_abbrev  0x0000000000000000       0x49 /usr/local/arm-gcc/gcc-arm-10.2-2020.11-x86_64-aarch64-none-linux-gnu/bin/../aarch64-none-linux-gnu/libc/usr/lib/../lib64/crt1.o
 .debug_abbrev  0x0000000000000049       0x12 /usr/local/arm-gcc/gcc-arm-10.2-2020.11-x86_64-aarch64-none-linux-gnu/bin/../aarch64-none-linux-gnu/libc/usr/lib/../lib64/crti.o
 .debug_abbrev  0x000000000000005b      0x12a /usr/local/arm-gcc/gcc-arm-10.2-2020.11-x86_64-aarch64-none-linux-gnu/bin/../aarch64-none-linux-gnu/libc/usr/lib64/libc_nonshared.a(elf-init.oS)
 .debug_abbrev  0x0000000000000185       0x12 /usr/local/arm-gcc/gcc-arm-10.2-2020.11-x86_64-aarch64-none-linux-gnu/bin/../aarch64-none-linux-gnu/libc/usr/lib/../lib64/crtn.o

.debug_line     0x0000000000000000      0x2d3
 *(.debug_line .debug_line.* .debug_line_end)
 .debug_line    0x0000000000000000       0x81 /usr/local/arm-gcc/gcc-arm-10.2-2020.11-x86_64-aarch64-none-linux-gnu/bin/../aarch64-none-linux-gnu/libc/usr/lib/../lib64/crt1.o
 .debug_line    0x0000000000000081       0x7c /usr/local/arm-gcc/gcc-arm-10.2-2020.11-x86_64-aarch64-none-linux-gnu/bin/../aarch64-none-linux-gnu/libc/usr/lib/../lib64/crti.o
 .debug_line    0x00000000000000fd      0x174 /usr/local/arm-gcc/gcc-arm-10.2-2020.11-x86_64-aarch64-none-linux-gnu/bin/../aarch64-none-linux-gnu/libc/usr/lib64/libc_nonshared.a(elf-init.oS)
 .debug_line    0x0000000000000271       0x62 /usr/local/arm-gcc/gcc-arm-10.2-2020.11-x86_64-aarch64-none-linux-gnu/bin/../aarch64-none-linux-gnu/libc/usr/lib/../lib64/crtn.o

.debug_frame
 *(.debug_frame)

.debug_str      0x0000000000000000      0x2eb
 *(.debug_str)
 .debug_str     0x0000000000000000      0x161 /usr/local/arm-gcc/gcc-arm-10.2-2020.11-x86_64-aarch64-none-linux-gnu/bin/../aarch64-none-linux-gnu/libc/usr/lib/../lib64/crt1.o
                                        0x2e7 (size before relaxing)
 .debug_str     0x0000000000000161       0x1a /usr/local/arm-gcc/gcc-arm-10.2-2020.11-x86_64-aarch64-none-linux-gnu/bin/../aarch64-none-linux-gnu/libc/usr/lib/../lib64/crti.o
                                         0x8d (size before relaxing)
 .debug_str     0x000000000000017b      0x156 /usr/local/arm-gcc/gcc-arm-10.2-2020.11-x86_64-aarch64-none-linux-gnu/bin/../aarch64-none-linux-gnu/libc/usr/lib64/libc_nonshared.a(elf-init.oS)
                                        0x1d7 (size before relaxing)
 .debug_str     0x00000000000002d1       0x1a /usr/local/arm-gcc/gcc-arm-10.2-2020.11-x86_64-aarch64-none-linux-gnu/bin/../aarch64-none-linux-gnu/libc/usr/lib/../lib64/crtn.o
                                         0x8d (size before relaxing)

.debug_loc      0x0000000000000000      0x182
 *(.debug_loc)
 .debug_loc     0x0000000000000000      0x182 /usr/local/arm-gcc/gcc-arm-10.2-2020.11-x86_64-aarch64-none-linux-gnu/bin/../aarch64-none-linux-gnu/libc/usr/lib64/libc_nonshared.a(elf-init.oS)

.debug_macinfo
 *(.debug_macinfo)

.debug_weaknames
 *(.debug_weaknames)

.debug_funcnames
 *(.debug_funcnames)

.debug_typenames
 *(.debug_typenames)

.debug_varnames
 *(.debug_varnames)

.debug_pubtypes
 *(.debug_pubtypes)

.debug_ranges   0x0000000000000000       0x90
 *(.debug_ranges)
 .debug_ranges  0x0000000000000000       0x50 /usr/local/arm-gcc/gcc-arm-10.2-2020.11-x86_64-aarch64-none-linux-gnu/bin/../aarch64-none-linux-gnu/libc/usr/lib/../lib64/crti.o
 .debug_ranges  0x0000000000000050       0x40 /usr/local/arm-gcc/gcc-arm-10.2-2020.11-x86_64-aarch64-none-linux-gnu/bin/../aarch64-none-linux-gnu/libc/usr/lib/../lib64/crtn.o

.debug_macro
 *(.debug_macro)

.debug_addr
 *(.debug_addr)

.ARM.attributes
 *(.ARM.attributes)
 *(.gnu.attributes)

.note.gnu.arm.ident
 *(.note.gnu.arm.ident)

/DISCARD/
 *(.note.GNU-stack)
 *(.gnu_debuglink)
 *(.gnu.lto_*)
OUTPUT(writer elf64-littleaarch64)
LOAD linker stubs
